123.20.47.238 - - [20/Jan/2010:08:32:19 +0100] "GET /index.php/NewsLetter/emails/?offset=400 HTTP/1.1" 200 43191 www.helenekling.com "http://www.helenekling.com/index.php/NewsLetter/emails/?offset=1800" "Mozilla/4.0 (compatible; MSIE 8.0; Windows NT 6.0; Trident/4.0; FBSMTWB; GTB6.3; SLCC1; .NET CLR 2.0.50727; InfoPath.2; .NET CLR 3.5.30729; .NET CLR 3.0.30729; OfficeLiveConnector.1.4; OfficeLivePatch.1.3)" "-"
123.20.47.238 - - [20/Jan/2010:08:32:39 +0100] "GET /index.php/NewsLetter/emails/precreate HTTP/1.1" 302 5 www.helenekling.com "http://www.helenekling.com/index.php/NewsLetter/emails/?offset=400" "Mozilla/4.0 (compatible; MSIE 8.0; Windows NT 6.0; Trident/4.0; FBSMTWB; GTB6.3; SLCC1; .NET CLR 2.0.50727; InfoPath.2; .NET CLR 3.5.30729; .NET CLR 3.0.30729; OfficeLiveConnector.1.4; OfficeLivePatch.1.3)" "-"
123.20.47.238 - - [20/Jan/2010:08:32:40 +0100] "GET /index.php/NewsLetter/emails/create HTTP/1.1" 200 7595 www.helenekling.com "http://www.helenekling.com/index.php/NewsLetter/emails/?offset=400" "Mozilla/4.0 (compatible; MSIE 8.0; Windows NT 6.0; Trident/4.0; FBSMTWB; GTB6.3; SLCC1; .NET CLR 2.0.50727; InfoPath.2; .NET CLR 3.5.30729; .NET CLR 3.0.30729; OfficeLiveConnector.1.4; OfficeLivePatch.1.3)" "-"
123.20.47.238 - - [20/Jan/2010:08:32:46 +0100] "POST /index.php/NewsLetter/emails/savecreate HTTP/1.1" 302 5 www.helenekling.com "http://www.helenekling.com/index.php/NewsLetter/emails/create" "Mozilla/4.0 (compatible; MSIE 8.0; Windows NT 6.0; Trident/4.0; FBSMTWB; GTB6.3; SLCC1; .NET CLR 2.0.50727; InfoPath.2; .NET CLR 3.5.30729; .NET CLR 3.0.30729; OfficeLiveConnector.1.4; OfficeLivePatch.1.3)" "-"
123.20.47.238 - - [20/Jan/2010:08:32:46 +0100] "GET /index.php/NewsLetter/emails/confirm?id=francisgarson%40yahoo.fr+ HTTP/1.1" 200 6528 www.helenekling.com "http://www.helenekling.com/index.php/NewsLetter/emails/create" "Mozilla/4.0 (compatible; MSIE 8.0; Windows NT 6.0; Trident/4.0; FBSMTWB; GTB6.3; SLCC1; .NET CLR 2.0.50727; InfoPath.2; .NET CLR 3.5.30729; .NET CLR 3.0.30729; OfficeLiveConnector.1.4; OfficeLivePatch.1.3)" "-"
123.20.47.238 - - [20/Jan/2010:08:32:49 +0100] "GET /index.php/NewsLetter/ HTTP/1.1" 200 6561 www.helenekling.com "http://www.helenekling.com/index.php/NewsLetter/emails/confirm?id=francisgarson%40yahoo.fr+" "Mozilla/4.0 (compatible; MSIE 8.0; Windows NT 6.0; Trident/4.0; FBSMTWB; GTB6.3; SLCC1; .NET CLR 2.0.50727; InfoPath.2; .NET CLR 3.5.30729; .NET CLR 3.0.30729; OfficeLiveConnector.1.4; OfficeLivePatch.1.3)" "-"
123.20.47.238 - - [20/Jan/2010:08:32:52 +0100] "GET /index.php/NewsLetter/emails/ HTTP/1.1" 200 42206 www.helenekling.com "http://www.helenekling.com/index.php/NewsLetter/" "Mozilla/4.0 (compatible; MSIE 8.0; Windows NT 6.0; Trident/4.0; FBSMTWB; GTB6.3; SLCC1; .NET CLR 2.0.50727; InfoPath.2; .NET CLR 3.5.30729; .NET CLR 3.0.30729; OfficeLiveConnector.1.4; OfficeLivePatch.1.3)" "-"
123.20.47.238 - - [20/Jan/2010:08:34:32 +0100] "GET /index.php/NewsLetter/emails/?offset=400 HTTP/1.1" 200 43189 www.helenekling.com "http://www.helenekling.com/index.php/NewsLetter/emails/" "Mozilla/4.0 (compatible; MSIE 8.0; Windows NT 6.0; Trident/4.0; FBSMTWB; GTB6.3; SLCC1; .NET CLR 2.0.50727; InfoPath.2; .NET CLR 3.5.30729; .NET CLR 3.0.30729; OfficeLiveConnector.1.4; OfficeLivePatch.1.3)" "-"
123.20.47.238 - - [20/Jan/2010:08:34:45 +0100] "GET /index.php/NewsLetter/emails/?offset=600 HTTP/1.1" 200 42910 www.helenekling.com "http://www.helenekling.com/index.php/NewsLetter/emails/?offset=400" "Mozilla/4.0 (compatible; MSIE 8.0; Windows NT 6.0; Trident/4.0; FBSMTWB; GTB6.3; SLCC1; .NET CLR 2.0.50727; InfoPath.2; .NET CLR 3.5.30729; .NET CLR 3.0.30729; OfficeLiveConnector.1.4; OfficeLivePatch.1.3)" "-"
123.20.47.238 - - [20/Jan/2010:08:34:58 +0100] "GET /index.php/NewsLetter/emails/?offset=800 HTTP/1.1" 200 42496 www.helenekling.com "http://www.helenekling.com/index.php/NewsLetter/emails/?offset=600" "Mozilla/4.0 (compatible; MSIE 8.0; Windows NT 6.0; Trident/4.0; FBSMTWB; GTB6.3; SLCC1; .NET CLR 2.0.50727; InfoPath.2; .NET CLR 3.5.30729; .NET CLR 3.0.30729; OfficeLiveConnector.1.4; OfficeLivePatch.1.3)" "-"
123.20.47.238 - - [20/Jan/2010:08:35:25 +0100] "GET /index.php/NewsLetter/emails/?offset=800 HTTP/1.1" 200 42349 www.helenekling.com "http://www.helenekling.com/index.php/NewsLetter/emails/?offset=600" "Mozilla/4.0 (compatible; MSIE 8.0; Windows NT 6.0; Trident/4.0; FBSMTWB; GTB6.3; SLCC1; .NET CLR 2.0.50727; InfoPath.2; .NET CLR 3.5.30729; .NET CLR 3.0.30729; OfficeLiveConnector.1.4; OfficeLivePatch.1.3)" "-"
123.20.47.238 - - [20/Jan/2010:08:35:42 +0100] "GET /index.php/NewsLetter/emails/?offset=0 HTTP/1.1" 200 42325 www.helenekling.com "http://www.helenekling.com/index.php/NewsLetter/emails/?offset=800" "Mozilla/4.0 (compatible; MSIE 8.0; Windows NT 6.0; Trident/4.0; FBSMTWB; GTB6.3; SLCC1; .NET CLR 2.0.50727; InfoPath.2; .NET CLR 3.5.30729; .NET CLR 3.0.30729; OfficeLiveConnector.1.4; OfficeLivePatch.1.3)" "-"
123.20.47.238 - - [20/Jan/2010:08:36:06 +0100] "GET /index.php/NewsLetter/emails/precreate HTTP/1.1" 302 5 www.helenekling.com "http://www.helenekling.com/index.php/NewsLetter/emails/?offset=0" "Mozilla/4.0 (compatible; MSIE 8.0; Windows NT 6.0; Trident/4.0; FBSMTWB; GTB6.3; SLCC1; .NET CLR 2.0.50727; InfoPath.2; .NET CLR 3.5.30729; .NET CLR 3.0.30729; OfficeLiveConnector.1.4; OfficeLivePatch.1.3)" "-"
123.20.47.238 - - [20/Jan/2010:08:36:07 +0100] "GET /index.php/NewsLetter/emails/create HTTP/1.1" 200 7623 www.helenekling.com "http://www.helenekling.com/index.php/NewsLetter/emails/?offset=0" "Mozilla/4.0 (compatible; MSIE 8.0; Windows NT 6.0; Trident/4.0; FBSMTWB; GTB6.3; SLCC1; .NET CLR 2.0.50727; InfoPath.2; .NET CLR 3.5.30729; .NET CLR 3.0.30729; OfficeLiveConnector.1.4; OfficeLivePatch.1.3)" "-"
123.20.47.238 - - [20/Jan/2010:08:36:16 +0100] "POST /index.php/NewsLetter/emails/savecreate HTTP/1.1" 302 5 www.helenekling.com "http://www.helenekling.com/index.php/NewsLetter/emails/create" "Mozilla/4.0 (compatible; MSIE 8.0; Windows NT 6.0; Trident/4.0; FBSMTWB; GTB6.3; SLCC1; .NET CLR 2.0.50727; InfoPath.2; .NET CLR 3.5.30729; .NET CLR 3.0.30729; OfficeLiveConnector.1.4; OfficeLivePatch.1.3)" "-"
123.20.47.238 - - [20/Jan/2010:08:36:16 +0100] "GET /index.php/NewsLetter/emails/confirm?id=aude.genet%40afp.com HTTP/1.1" 200 6528 www.helenekling.com "http://www.helenekling.com/index.php/NewsLetter/emails/create" "Mozilla/4.0 (compatible; MSIE 8.0; Windows NT 6.0; Trident/4.0; FBSMTWB; GTB6.3; SLCC1; .NET CLR 2.0.50727; InfoPath.2; .NET CLR 3.5.30729; .NET CLR 3.0.30729; OfficeLiveConnector.1.4; OfficeLivePatch.1.3)" "-"
123.20.47.238 - - [20/Jan/2010:08:36:44 +0100] "GET /index.php/NewsLetter/ HTTP/1.1" 200 6953 www.helenekling.com "http://www.helenekling.com/index.php/NewsLetter/emails/confirm?id=aude.genet%40afp.com" "Mozilla/4.0 (compatible; MSIE 8.0; Windows NT 6.0; Trident/4.0; FBSMTWB; GTB6.3; SLCC1; .NET CLR 2.0.50727; InfoPath.2; .NET CLR 3.5.30729; .NET CLR 3.0.30729; OfficeLiveConnector.1.4; OfficeLivePatch.1.3)" "-"
91.22.188.38 - - [20/Jan/2010:08:36:53 +0100] "GET / HTTP/1.1" 302 5 www.helenekling.com "-" "Mozilla/5.0 (Windows; U; Windows NT 5.1; de; rv:1.9.1.7) Gecko/20091221 Firefox/3.5.7 (.NET CLR 3.5.30729)" "-"
91.22.188.38 - - [20/Jan/2010:08:36:56 +0100] "GET /index.php/HeleneKling/default/viewPage?page=index HTTP/1.1" 200 8137 www.helenekling.com "-" "Mozilla/5.0 (Windows; U; Windows NT 5.1; de; rv:1.9.1.7) Gecko/20091221 Firefox/3.5.7 (.NET CLR 3.5.30729)" "-"
91.22.188.38 - - [20/Jan/2010:08:36:56 +0100] "GET /js/jqueryprogressbar.js HTTP/1.1" 200 1867 www.helenekling.com "http://www.helenekling.com/index.php/HeleneKling/default/viewPage?page=index" "Mozilla/5.0 (Windows; U; Windows NT 5.1; de; rv:1.9.1.7) Gecko/20091221 Firefox/3.5.7 (.NET CLR 3.5.30729)" "-"
91.22.188.38 - - [20/Jan/2010:08:36:56 +0100] "GET /themes/default/styles.css HTTP/1.1" 200 7425 www.helenekling.com "http://www.helenekling.com/index.php/HeleneKling/default/viewPage?page=index" "Mozilla/5.0 (Windows; U; Windows NT 5.1; de; rv:1.9.1.7) Gecko/20091221 Firefox/3.5.7 (.NET CLR 3.5.30729)" "-"
91.22.188.38 - - [20/Jan/2010:08:36:56 +0100] "GET /jelix/design/records_list.css HTTP/1.1" 200 1640 www.helenekling.com "http://www.helenekling.com/index.php/HeleneKling/default/viewPage?page=index" "Mozilla/5.0 (Windows; U; Windows NT 5.1; de; rv:1.9.1.7) Gecko/20091221 Firefox/3.5.7 (.NET CLR 3.5.30729)" "-"
91.22.188.38 - - [20/Jan/2010:08:36:56 +0100] "GET /js/progressbar.css HTTP/1.1" 200 600 www.helenekling.com "http://www.helenekling.com/index.php/HeleneKling/default/viewPage?page=index" "Mozilla/5.0 (Windows; U; Windows NT 5.1; de; rv:1.9.1.7) Gecko/20091221 Firefox/3.5.7 (.NET CLR 3.5.30729)" "-"
91.22.188.38 - - [20/Jan/2010:08:36:56 +0100] "GET /jelix/design/jform.css HTTP/1.1" 200 526 www.helenekling.com "http://www.helenekling.com/index.php/HeleneKling/default/viewPage?page=index" "Mozilla/5.0 (Windows; U; Windows NT 5.1; de; rv:1.9.1.7) Gecko/20091221 Firefox/3.5.7 (.NET CLR 3.5.30729)" "-"
91.22.188.38 - - [20/Jan/2010:08:36:56 +0100] "GET /jelix/jquery/include/jquery.include.js HTTP/1.1" 200 2301 www.helenekling.com "http://www.helenekling.com/index.php/HeleneKling/default/viewPage?page=index" "Mozilla/5.0 (Windows; U; Windows NT 5.1; de; rv:1.9.1.7) Gecko/20091221 Firefox/3.5.7 (.NET CLR 3.5.30729)" "-"
91.22.188.38 - - [20/Jan/2010:08:36:56 +0100] "GET /jelix/js/jforms_jquery.js HTTP/1.1" 200 21499 www.helenekling.com "http://www.helenekling.com/index.php/HeleneKling/default/viewPage?page=index" "Mozilla/5.0 (Windows; U; Windows NT 5.1; de; rv:1.9.1.7) Gecko/20091221 Firefox/3.5.7 (.NET CLR 3.5.30729)" "-"
91.22.188.38 - - [20/Jan/2010:08:36:56 +0100] "GET /jelix/jquery/jquery.js HTTP/1.1" 200 55774 www.helenekling.com "http://www.helenekling.com/index.php/HeleneKling/default/viewPage?page=index" "Mozilla/5.0 (Windows; U; Windows NT 5.1; de; rv:1.9.1.7) Gecko/20091221 Firefox/3.5.7 (.NET CLR 3.5.30729)" "-"
123.20.47.238 - - [20/Jan/2010:08:36:56 +0100] "GET /index.php/NewsLetter/emails/ HTTP/1.1" 200 42323 www.helenekling.com "http://www.helenekling.com/index.php/NewsLetter/" "Mozilla/4.0 (compatible; MSIE 8.0; Windows NT 6.0; Trident/4.0; FBSMTWB; GTB6.3; SLCC1; .NET CLR 2.0.50727; InfoPath.2; .NET CLR 3.5.30729; .NET CLR 3.0.30729; OfficeLiveConnector.1.4; OfficeLivePatch.1.3)" "-"
91.22.188.38 - - [20/Jan/2010:08:36:58 +0100] "GET /themes/default/images/background.gif HTTP/1.1" 200 963 www.helenekling.com "http://www.helenekling.com/themes/default/styles.css" "Mozilla/5.0 (Windows; U; Windows NT 5.1; de; rv:1.9.1.7) Gecko/20091221 Firefox/3.5.7 (.NET CLR 3.5.30729)" "-"
91.22.188.38 - - [20/Jan/2010:08:36:58 +0100] "GET /favicon.ico HTTP/1.1" 200 1150 www.helenekling.com "-" "Mozilla/5.0 (Windows; U; Windows NT 5.1; de; rv:1.9.1.7) Gecko/20091221 Firefox/3.5.7 (.NET CLR 3.5.30729)" "-"
91.22.188.38 - - [20/Jan/2010:08:36:59 +0100] "GET /themes/default/images/selector_sub.gif HTTP/1.1" 200 64 www.helenekling.com "http://www.helenekling.com/themes/default/styles.css" "Mozilla/5.0 (Windows; U; Windows NT 5.1; de; rv:1.9.1.7) Gecko/20091221 Firefox/3.5.7 (.NET CLR 3.5.30729)" "-"
91.22.188.38 - - [20/Jan/2010:08:36:59 +0100] "GET /themes/default/images/header.gif HTTP/1.1" 200 17106 www.helenekling.com "http://www.helenekling.com/themes/default/styles.css" "Mozilla/5.0 (Windows; U; Windows NT 5.1; de; rv:1.9.1.7) Gecko/20091221 Firefox/3.5.7 (.NET CLR 3.5.30729)" "-"
91.22.188.38 - - [20/Jan/2010:08:36:59 +0100] "GET /themes/default/images/fr_bw.png HTTP/1.1" 200 2836 www.helenekling.com "http://www.helenekling.com/themes/default/styles.css" "Mozilla/5.0 (Windows; U; Windows NT 5.1; de; rv:1.9.1.7) Gecko/20091221 Firefox/3.5.7 (.NET CLR 3.5.30729)" "-"
91.22.188.38 - - [20/Jan/2010:08:36:59 +0100] "GET /themes/default/images/en_bw.png HTTP/1.1" 200 3540 www.helenekling.com "http://www.helenekling.com/themes/default/styles.css" "Mozilla/5.0 (Windows; U; Windows NT 5.1; de; rv:1.9.1.7) Gecko/20091221 Firefox/3.5.7 (.NET CLR 3.5.30729)" "-"
123.20.47.238 - - [20/Jan/2010:08:37:11 +0100] "GET /index.php/NewsLetter/emails/?offset=1200 HTTP/1.1" 200 43081 www.helenekling.com "http://www.helenekling.com/index.php/NewsLetter/emails/" "Mozilla/4.0 (compatible; MSIE 8.0; Windows NT 6.0; Trident/4.0; FBSMTWB; GTB6.3; SLCC1; .NET CLR 2.0.50727; InfoPath.2; .NET CLR 3.5.30729; .NET CLR 3.0.30729; OfficeLiveConnector.1.4; OfficeLivePatch.1.3)" "-"
123.20.47.238 - - [20/Jan/2010:08:37:18 +0100] "GET /index.php/NewsLetter/emails/?offset=1000 HTTP/1.1" 200 42832 www.helenekling.com "http://www.helenekling.com/index.php/NewsLetter/emails/?offset=1200" "Mozilla/4.0 (compatible; MSIE 8.0; Windows NT 6.0; Trident/4.0; FBSMTWB; GTB6.3; SLCC1; .NET CLR 2.0.50727; InfoPath.2; .NET CLR 3.5.30729; .NET CLR 3.0.30729; OfficeLiveConnector.1.4; OfficeLivePatch.1.3)" "-"
123.20.47.238 - - [20/Jan/2010:08:38:11 +0100] "GET /index.php/NewsLetter/emails/?offset=600 HTTP/1.1" 200 42914 www.helenekling.com "http://www.helenekling.com/index.php/NewsLetter/emails/?offset=1000" "Mozilla/4.0 (compatible; MSIE 8.0; Windows NT 6.0; Trident/4.0; FBSMTWB; GTB6.3; SLCC1; .NET CLR 2.0.50727; InfoPath.2; .NET CLR 3.5.30729; .NET CLR 3.0.30729; OfficeLiveConnector.1.4; OfficeLivePatch.1.3)" "-"
123.20.47.238 - - [20/Jan/2010:08:38:35 +0100] "GET /index.php/NewsLetter/emails/?offset=1400 HTTP/1.1" 200 42502 www.helenekling.com "http://www.helenekling.com/index.php/NewsLetter/emails/?offset=600" "Mozilla/4.0 (compatible; MSIE 8.0; Windows NT 6.0; Trident/4.0; FBSMTWB; GTB6.3; SLCC1; .NET CLR 2.0.50727; InfoPath.2; .NET CLR 3.5.30729; .NET CLR 3.0.30729; OfficeLiveConnector.1.4; OfficeLivePatch.1.3)" "-"
123.20.47.238 - - [20/Jan/2010:08:38:52 +0100] "GET /index.php/NewsLetter/emails/?offset=1600 HTTP/1.1" 200 43047 www.helenekling.com "http://www.helenekling.com/index.php/NewsLetter/emails/?offset=1400" "Mozilla/4.0 (compatible; MSIE 8.0; Windows NT 6.0; Trident/4.0; FBSMTWB; GTB6.3; SLCC1; .NET CLR 2.0.50727; InfoPath.2; .NET CLR 3.5.30729; .NET CLR 3.0.30729; OfficeLiveConnector.1.4; OfficeLivePatch.1.3)" "-"
91.22.188.38 - - [20/Jan/2010:08:38:54 +0100] "GET /themes/default/images/selector.gif HTTP/1.1" 200 64 www.helenekling.com "http://www.helenekling.com/themes/default/styles.css" "Mozilla/5.0 (Windows; U; Windows NT 5.1; de; rv:1.9.1.7) Gecko/20091221 Firefox/3.5.7 (.NET CLR 3.5.30729)" "-"
91.22.188.38 - - [20/Jan/2010:08:38:54 +0100] "GET /index.php/HeleneKling/ HTTP/1.1" 302 5 www.helenekling.com "http://www.helenekling.com/index.php/HeleneKling/default/viewPage?page=index" "Mozilla/5.0 (Windows; U; Windows NT 5.1; de; rv:1.9.1.7) Gecko/20091221 Firefox/3.5.7 (.NET CLR 3.5.30729)" "-"
91.22.188.38 - - [20/Jan/2010:08:38:55 +0100] "GET /index.php/HeleneKling/default/viewPage?page=index HTTP/1.1" 200 8137 www.helenekling.com "http://www.helenekling.com/index.php/HeleneKling/default/viewPage?page=index" "Mozilla/5.0 (Windows; U; Windows NT 5.1; de; rv:1.9.1.7) Gecko/20091221 Firefox/3.5.7 (.NET CLR 3.5.30729)" "-"
91.22.188.38 - - [20/Jan/2010:08:38:58 +0100] "GET /index.php/jPicasa/ HTTP/1.1" 200 10573 www.helenekling.com "http://www.helenekling.com/index.php/HeleneKling/default/viewPage?page=index" "Mozilla/5.0 (Windows; U; Windows NT 5.1; de; rv:1.9.1.7) Gecko/20091221 Firefox/3.5.7 (.NET CLR 3.5.30729)" "-"
91.22.188.38 - - [20/Jan/2010:08:38:58 +0100] "GET /themes/default/images/push_vert.png HTTP/1.1" 200 4406 www.helenekling.com "http://www.helenekling.com/themes/default/styles.css" "Mozilla/5.0 (Windows; U; Windows NT 5.1; de; rv:1.9.1.7) Gecko/20091221 Firefox/3.5.7 (.NET CLR 3.5.30729)" "-"
91.22.188.38 - - [20/Jan/2010:08:38:58 +0100] "GET /swfobject.js HTTP/1.1" 200 6880 www.helenekling.com "http://www.helenekling.com/index.php/jPicasa/" "Mozilla/5.0 (Windows; U; Windows NT 5.1; de; rv:1.9.1.7) Gecko/20091221 Firefox/3.5.7 (.NET CLR 3.5.30729)" "-"
91.22.188.38 - - [20/Jan/2010:08:38:59 +0100] "GET /player.swf HTTP/1.1" 200 42566 www.helenekling.com "http://www.helenekling.com/index.php/jPicasa/" "Mozilla/5.0 (Windows; U; Windows NT 5.1; de; rv:1.9.1.7) Gecko/20091221 Firefox/3.5.7 (.NET CLR 3.5.30729)" "-"
123.20.47.238 - - [20/Jan/2010:08:39:05 +0100] "GET /index.php/NewsLetter/emails/precreate HTTP/1.1" 302 5 www.helenekling.com "http://www.helenekling.com/index.php/NewsLetter/emails/?offset=1600" "Mozilla/4.0 (compatible; MSIE 8.0; Windows NT 6.0; Trident/4.0; FBSMTWB; GTB6.3; SLCC1; .NET CLR 2.0.50727; InfoPath.2; .NET CLR 3.5.30729; .NET CLR 3.0.30729; OfficeLiveConnector.1.4; OfficeLivePatch.1.3)" "-"
123.20.47.238 - - [20/Jan/2010:08:39:05 +0100] "GET /index.php/NewsLetter/emails/create HTTP/1.1" 200 7623 www.helenekling.com "http://www.helenekling.com/index.php/NewsLetter/emails/?offset=1600" "Mozilla/4.0 (compatible; MSIE 8.0; Windows NT 6.0; Trident/4.0; FBSMTWB; GTB6.3; SLCC1; .NET CLR 2.0.50727; InfoPath.2; .NET CLR 3.5.30729; .NET CLR 3.0.30729; OfficeLiveConnector.1.4; OfficeLivePatch.1.3)" "-"
91.22.188.38 - - [20/Jan/2010:08:39:13 +0100] "GET /index.php/HeleneKling/default/viewPage?page=school HTTP/1.1" 200 9457 www.helenekling.com "http://www.helenekling.com/index.php/jPicasa/" "Mozilla/5.0 (Windows; U; Windows NT 5.1; de; rv:1.9.1.7) Gecko/20091221 Firefox/3.5.7 (.NET CLR 3.5.30729)" "-"
91.22.188.38 - - [20/Jan/2010:08:39:13 +0100] "GET /files/classe_1.JPG HTTP/1.1" 200 11045 helenekling.com "http://www.helenekling.com/index.php/HeleneKling/default/viewPage?page=school" "Mozilla/5.0 (Windows; U; Windows NT 5.1; de; rv:1.9.1.7) Gecko/20091221 Firefox/3.5.7 (.NET CLR 3.5.30729)" "-"
123.20.47.238 - - [20/Jan/2010:08:39:13 +0100] "POST /index.php/NewsLetter/emails/savecreate HTTP/1.1" 302 5 www.helenekling.com "http://www.helenekling.com/index.php/NewsLetter/emails/create" "Mozilla/4.0 (compatible; MSIE 8.0; Windows NT 6.0; Trident/4.0; FBSMTWB; GTB6.3; SLCC1; .NET CLR 2.0.50727; InfoPath.2; .NET CLR 3.5.30729; .NET CLR 3.0.30729; OfficeLiveConnector.1.4; OfficeLivePatch.1.3)" "-"
91.22.188.38 - - [20/Jan/2010:08:39:14 +0100] "GET /files/IMG_1.JPG HTTP/1.1" 200 34945 helenekling.com "http://www.helenekling.com/index.php/HeleneKling/default/viewPage?page=school" "Mozilla/5.0 (Windows; U; Windows NT 5.1; de; rv:1.9.1.7) Gecko/20091221 Firefox/3.5.7 (.NET CLR 3.5.30729)" "-"
123.20.47.238 - - [20/Jan/2010:08:39:14 +0100] "GET /index.php/NewsLetter/emails/confirm?id=sophie.givelet%40crowninternational.fr+ HTTP/1.1" 200 6528 www.helenekling.com "http://www.helenekling.com/index.php/NewsLetter/emails/create" "Mozilla/4.0 (compatible; MSIE 8.0; Windows NT 6.0; Trident/4.0; FBSMTWB; GTB6.3; SLCC1; .NET CLR 2.0.50727; InfoPath.2; .NET CLR 3.5.30729; .NET CLR 3.0.30729; OfficeLiveConnector.1.4; OfficeLivePatch.1.3)" "-"
123.20.47.238 - - [20/Jan/2010:08:39:17 +0100] "GET /index.php/NewsLetter/ HTTP/1.1" 200 6953 www.helenekling.com "http://www.helenekling.com/index.php/NewsLetter/emails/confirm?id=sophie.givelet%40crowninternational.fr+" "Mozilla/4.0 (compatible; MSIE 8.0; Windows NT 6.0; Trident/4.0; FBSMTWB; GTB6.3; SLCC1; .NET CLR 2.0.50727; InfoPath.2; .NET CLR 3.5.30729; .NET CLR 3.0.30729; OfficeLiveConnector.1.4; OfficeLivePatch.1.3)" "-"
123.20.47.238 - - [20/Jan/2010:08:39:20 +0100] "GET /index.php/NewsLetter/emails/ HTTP/1.1" 200 42407 www.helenekling.com "http://www.helenekling.com/index.php/NewsLetter/" "Mozilla/4.0 (compatible; MSIE 8.0; Windows NT 6.0; Trident/4.0; FBSMTWB; GTB6.3; SLCC1; .NET CLR 2.0.50727; InfoPath.2; .NET CLR 3.5.30729; .NET CLR 3.0.30729; OfficeLiveConnector.1.4; OfficeLivePatch.1.3)" "-"
123.20.47.238 - - [20/Jan/2010:08:39:32 +0100] "GET /index.php/NewsLetter/emails/?offset=600 HTTP/1.1" 200 42914 www.helenekling.com "http://www.helenekling.com/index.php/NewsLetter/emails/" "Mozilla/4.0 (compatible; MSIE 8.0; Windows NT 6.0; Trident/4.0; FBSMTWB; GTB6.3; SLCC1; .NET CLR 2.0.50727; InfoPath.2; .NET CLR 3.5.30729; .NET CLR 3.0.30729; OfficeLiveConnector.1.4; OfficeLivePatch.1.3)" "-"
123.20.47.238 - - [20/Jan/2010:08:39:47 +0100] "GET /index.php/NewsLetter/emails/?offset=400 HTTP/1.1" 200 42832 www.helenekling.com "http://www.helenekling.com/index.php/NewsLetter/emails/?offset=600" "Mozilla/4.0 (compatible; MSIE 8.0; Windows NT 6.0; Trident/4.0; FBSMTWB; GTB6.3; SLCC1; .NET CLR 2.0.50727; InfoPath.2; .NET CLR 3.5.30729; .NET CLR 3.0.30729; OfficeLiveConnector.1.4; OfficeLivePatch.1.3)" "-"
91.22.188.38 - - [20/Jan/2010:08:39:52 +0100] "GET /videos/ChoLo--Paintings.flv HTTP/1.1" 200 5974697 www.helenekling.com "-" "Mozilla/5.0 (Windows; U; Windows NT 5.1; de; rv:1.9.1.7) Gecko/20091221 Firefox/3.5.7 (.NET CLR 3.5.30729)" "-"
123.20.47.238 - - [20/Jan/2010:08:39:52 +0100] "GET /index.php/NewsLetter/emails/precreate HTTP/1.1" 302 5 www.helenekling.com "http://www.helenekling.com/index.php/NewsLetter/emails/?offset=400" "Mozilla/4.0 (compatible; MSIE 8.0; Windows NT 6.0; Trident/4.0; FBSMTWB; GTB6.3; SLCC1; .NET CLR 2.0.50727; InfoPath.2; .NET CLR 3.5.30729; .NET CLR 3.0.30729; OfficeLiveConnector.1.4; OfficeLivePatch.1.3)" "-"
123.20.47.238 - - [20/Jan/2010:08:39:52 +0100] "GET /index.php/NewsLetter/emails/create HTTP/1.1" 200 7623 www.helenekling.com "http://www.helenekling.com/index.php/NewsLetter/emails/?offset=400" "Mozilla/4.0 (compatible; MSIE 8.0; Windows NT 6.0; Trident/4.0; FBSMTWB; GTB6.3; SLCC1; .NET CLR 2.0.50727; InfoPath.2; .NET CLR 3.5.30729; .NET CLR 3.0.30729; OfficeLiveConnector.1.4; OfficeLivePatch.1.3)" "-"
91.22.188.38 - - [20/Jan/2010:08:39:55 +0100] "GET /videos/ChoLo--Portrait.flv HTTP/1.1" 404 823 www.helenekling.com "-" "Mozilla/5.0 (Windows; U; Windows NT 5.1; de; rv:1.9.1.7) Gecko/20091221 Firefox/3.5.7 (.NET CLR 3.5.30729)" "-"
123.20.47.238 - - [20/Jan/2010:08:39:59 +0100] "POST /index.php/NewsLetter/emails/savecreate HTTP/1.1" 302 5 www.helenekling.com "http://www.helenekling.com/index.php/NewsLetter/emails/create" "Mozilla/4.0 (compatible; MSIE 8.0; Windows NT 6.0; Trident/4.0; FBSMTWB; GTB6.3; SLCC1; .NET CLR 2.0.50727; InfoPath.2; .NET CLR 3.5.30729; .NET CLR 3.0.30729; OfficeLiveConnector.1.4; OfficeLivePatch.1.3)" "-"
123.20.47.238 - - [20/Jan/2010:08:39:59 +0100] "GET /index.php/NewsLetter/emails/confirm?id=goalardm%40gmail.com+ HTTP/1.1" 200 6528 www.helenekling.com "http://www.helenekling.com/index.php/NewsLetter/emails/create" "Mozilla/4.0 (compatible; MSIE 8.0; Windows NT 6.0; Trident/4.0; FBSMTWB; GTB6.3; SLCC1; .NET CLR 2.0.50727; InfoPath.2; .NET CLR 3.5.30729; .NET CLR 3.0.30729; OfficeLiveConnector.1.4; OfficeLivePatch.1.3)" "-"
123.20.47.238 - - [20/Jan/2010:08:40:04 +0100] "GET /index.php/NewsLetter/ HTTP/1.1" 200 6953 www.helenekling.com "http://www.helenekling.com/index.php/NewsLetter/emails/confirm?id=goalardm%40gmail.com+" "Mozilla/4.0 (compatible; MSIE 8.0; Windows NT 6.0; Trident/4.0; FBSMTWB; GTB6.3; SLCC1; .NET CLR 2.0.50727; InfoPath.2; .NET CLR 3.5.30729; .NET CLR 3.0.30729; OfficeLiveConnector.1.4; OfficeLivePatch.1.3)" "-"
123.20.47.238 - - [20/Jan/2010:08:40:07 +0100] "GET /index.php/NewsLetter/emails/ HTTP/1.1" 200 42554 www.helenekling.com "http://www.helenekling.com/index.php/NewsLetter/" "Mozilla/4.0 (compatible; MSIE 8.0; Windows NT 6.0; Trident/4.0; FBSMTWB; GTB6.3; SLCC1; .NET CLR 2.0.50727; InfoPath.2; .NET CLR 3.5.30729; .NET CLR 3.0.30729; OfficeLiveConnector.1.4; OfficeLivePatch.1.3)" "-"
123.20.47.238 - - [20/Jan/2010:08:40:32 +0100] "GET /index.php/NewsLetter/emails/?offset=1000 HTTP/1.1" 200 42475 www.helenekling.com "http://www.helenekling.com/index.php/NewsLetter/emails/" "Mozilla/4.0 (compatible; MSIE 8.0; Windows NT 6.0; Trident/4.0; FBSMTWB; GTB6.3; SLCC1; .NET CLR 2.0.50727; InfoPath.2; .NET CLR 3.5.30729; .NET CLR 3.0.30729; OfficeLiveConnector.1.4; OfficeLivePatch.1.3)" "-"
91.22.188.38 - - [20/Jan/2010:08:40:34 +0100] "GET /themes/default/images/selector.gif HTTP/1.1" 200 64 www.helenekling.com "http://www.helenekling.com/themes/default/styles.css" "Mozilla/5.0 (Windows; U; Windows NT 5.1; de; rv:1.9.1.7) Gecko/20091221 Firefox/3.5.7 (.NET CLR 3.5.30729)" "-"
91.22.188.38 - - [20/Jan/2010:08:40:35 +0100] "GET /index.php/NewsLetter/emails/precreate HTTP/1.1" 302 5 www.helenekling.com "http://www.helenekling.com/index.php/HeleneKling/default/viewPage?page=school" "Mozilla/5.0 (Windows; U; Windows NT 5.1; de; rv:1.9.1.7) Gecko/20091221 Firefox/3.5.7 (.NET CLR 3.5.30729)" "-"
91.22.188.38 - - [20/Jan/2010:08:40:35 +0100] "GET /index.php/NewsLetter/emails/create HTTP/1.1" 200 7385 www.helenekling.com "http://www.helenekling.com/index.php/HeleneKling/default/viewPage?page=school" "Mozilla/5.0 (Windows; U; Windows NT 5.1; de; rv:1.9.1.7) Gecko/20091221 Firefox/3.5.7 (.NET CLR 3.5.30729)" "-"
123.20.47.238 - - [20/Jan/2010:08:41:04 +0100] "GET /index.php/NewsLetter/emails/?offset=600 HTTP/1.1" 200 42922 www.helenekling.com "http://www.helenekling.com/index.php/NewsLetter/emails/?offset=1000" "Mozilla/4.0 (compatible; MSIE 8.0; Windows NT 6.0; Trident/4.0; FBSMTWB; GTB6.3; SLCC1; .NET CLR 2.0.50727; InfoPath.2; .NET CLR 3.5.30729; .NET CLR 3.0.30729; OfficeLiveConnector.1.4; OfficeLivePatch.1.3)" "-"
123.20.47.238 - - [20/Jan/2010:08:41:22 +0100] "GET /index.php/NewsLetter/emails/?offset=1000 HTTP/1.1" 200 42804 www.helenekling.com "http://www.helenekling.com/index.php/NewsLetter/emails/?offset=600" "Mozilla/4.0 (compatible; MSIE 8.0; Windows NT 6.0; Trident/4.0; FBSMTWB; GTB6.3; SLCC1; .NET CLR 2.0.50727; InfoPath.2; .NET CLR 3.5.30729; .NET CLR 3.0.30729; OfficeLiveConnector.1.4; OfficeLivePatch.1.3)" "-"
123.20.47.238 - - [20/Jan/2010:08:41:52 +0100] "GET /index.php/NewsLetter/emails/?offset=400 HTTP/1.1" 200 42957 www.helenekling.com "http://www.helenekling.com/index.php/NewsLetter/emails/?offset=1000" "Mozilla/4.0 (compatible; MSIE 8.0; Windows NT 6.0; Trident/4.0; FBSMTWB; GTB6.3; SLCC1; .NET CLR 2.0.50727; InfoPath.2; .NET CLR 3.5.30729; .NET CLR 3.0.30729; OfficeLiveConnector.1.4; OfficeLivePatch.1.3)" "-"
123.20.47.238 - - [20/Jan/2010:08:42:06 +0100] "GET /index.php/NewsLetter/emails/precreate HTTP/1.1" 302 5 www.helenekling.com "http://www.helenekling.com/index.php/NewsLetter/emails/?offset=400" "Mozilla/4.0 (compatible; MSIE 8.0; Windows NT 6.0; Trident/4.0; FBSMTWB; GTB6.3; SLCC1; .NET CLR 2.0.50727; InfoPath.2; .NET CLR 3.5.30729; .NET CLR 3.0.30729; OfficeLiveConnector.1.4; OfficeLivePatch.1.3)" "-"
123.20.47.238 - - [20/Jan/2010:08:42:06 +0100] "GET /index.php/NewsLetter/emails/create HTTP/1.1" 200 7623 www.helenekling.com "http://www.helenekling.com/index.php/NewsLetter/emails/?offset=400" "Mozilla/4.0 (compatible; MSIE 8.0; Windows NT 6.0; Trident/4.0; FBSMTWB; GTB6.3; SLCC1; .NET CLR 2.0.50727; InfoPath.2; .NET CLR 3.5.30729; .NET CLR 3.0.30729; OfficeLiveConnector.1.4; OfficeLivePatch.1.3)" "-"
123.20.47.238 - - [20/Jan/2010:08:42:20 +0100] "POST /index.php/NewsLetter/emails/savecreate HTTP/1.1" 302 5 www.helenekling.com "http://www.helenekling.com/index.php/NewsLetter/emails/create" "Mozilla/4.0 (compatible; MSIE 8.0; Windows NT 6.0; Trident/4.0; FBSMTWB; GTB6.3; SLCC1; .NET CLR 2.0.50727; InfoPath.2; .NET CLR 3.5.30729; .NET CLR 3.0.30729; OfficeLiveConnector.1.4; OfficeLivePatch.1.3)" "-"
123.20.47.238 - - [20/Jan/2010:08:42:20 +0100] "GET /index.php/NewsLetter/emails/confirm?id=francoise_gosselin%40hotmail.com+ HTTP/1.1" 200 6528 www.helenekling.com "http://www.helenekling.com/index.php/NewsLetter/emails/create" "Mozilla/4.0 (compatible; MSIE 8.0; Windows NT 6.0; Trident/4.0; FBSMTWB; GTB6.3; SLCC1; .NET CLR 2.0.50727; InfoPath.2; .NET CLR 3.5.30729; .NET CLR 3.0.30729; OfficeLiveConnector.1.4; OfficeLivePatch.1.3)" "-"
123.20.47.238 - - [20/Jan/2010:08:42:35 +0100] "GET /index.php/NewsLetter/favicon.ico HTTP/1.1" 500 477 www.helenekling.com "-" "Mozilla/4.0 (compatible; GoogleToolbar 6.3.1106.427; Windows 6.0; MSIE 8.0.6001.18865)" "-"
123.20.47.238 - - [20/Jan/2010:08:43:24 +0100] "GET /themes/default/images/selector.gif HTTP/1.1" 304 - www.helenekling.com "http://www.helenekling.com/index.php/NewsLetter/emails/confirm?id=francoise_gosselin%40hotmail.com+" "Mozilla/4.0 (compatible; MSIE 8.0; Windows NT 6.0; Trident/4.0; FBSMTWB; GTB6.3; SLCC1; .NET CLR 2.0.50727; InfoPath.2; .NET CLR 3.5.30729; .NET CLR 3.0.30729; OfficeLiveConnector.1.4; OfficeLivePatch.1.3)" "-"
123.20.47.238 - - [20/Jan/2010:08:43:25 +0100] "GET /index.php/NewsLetter/ HTTP/1.1" 200 6715 www.helenekling.com "http://www.helenekling.com/index.php/NewsLetter/emails/confirm?id=francoise_gosselin%40hotmail.com+" "Mozilla/4.0 (compatible; MSIE 8.0; Windows NT 6.0; Trident/4.0; FBSMTWB; GTB6.3; SLCC1; .NET CLR 2.0.50727; InfoPath.2; .NET CLR 3.5.30729; .NET CLR 3.0.30729; OfficeLiveConnector.1.4; OfficeLivePatch.1.3)" "-"
123.20.47.238 - - [20/Jan/2010:08:43:26 +0100] "GET /js/jqueryprogressbar.js HTTP/1.1" 304 - www.helenekling.com "http://www.helenekling.com/index.php/NewsLetter/" "Mozilla/4.0 (compatible; MSIE 8.0; Windows NT 6.0; Trident/4.0; FBSMTWB; GTB6.3; SLCC1; .NET CLR 2.0.50727; InfoPath.2; .NET CLR 3.5.30729; .NET CLR 3.0.30729; OfficeLiveConnector.1.4; OfficeLivePatch.1.3)" "-"
123.20.47.238 - - [20/Jan/2010:08:43:26 +0100] "GET /themes/default/styles.css HTTP/1.1" 304 - www.helenekling.com "http://www.helenekling.com/index.php/NewsLetter/" "Mozilla/4.0 (compatible; MSIE 8.0; Windows NT 6.0; Trident/4.0; FBSMTWB; GTB6.3; SLCC1; .NET CLR 2.0.50727; InfoPath.2; .NET CLR 3.5.30729; .NET CLR 3.0.30729; OfficeLiveConnector.1.4; OfficeLivePatch.1.3)" "-"
123.20.47.238 - - [20/Jan/2010:08:43:26 +0100] "GET /js/progressbar.css HTTP/1.1" 304 - www.helenekling.com "http://www.helenekling.com/index.php/NewsLetter/" "Mozilla/4.0 (compatible; MSIE 8.0; Windows NT 6.0; Trident/4.0; FBSMTWB; GTB6.3; SLCC1; .NET CLR 2.0.50727; InfoPath.2; .NET CLR 3.5.30729; .NET CLR 3.0.30729; OfficeLiveConnector.1.4; OfficeLivePatch.1.3)" "-"
123.20.47.238 - - [20/Jan/2010:08:43:26 +0100] "GET /jelix/jquery/jquery.js HTTP/1.1" 304 - www.helenekling.com "http://www.helenekling.com/index.php/NewsLetter/" "Mozilla/4.0 (compatible; MSIE 8.0; Windows NT 6.0; Trident/4.0; FBSMTWB; GTB6.3; SLCC1; .NET CLR 2.0.50727; InfoPath.2; .NET CLR 3.5.30729; .NET CLR 3.0.30729; OfficeLiveConnector.1.4; OfficeLivePatch.1.3)" "-"
123.20.47.238 - - [20/Jan/2010:08:43:26 +0100] "GET /jelix/design/records_list.css HTTP/1.1" 304 - www.helenekling.com "http://www.helenekling.com/index.php/NewsLetter/" "Mozilla/4.0 (compatible; MSIE 8.0; Windows NT 6.0; Trident/4.0; FBSMTWB; GTB6.3; SLCC1; .NET CLR 2.0.50727; InfoPath.2; .NET CLR 3.5.30729; .NET CLR 3.0.30729; OfficeLiveConnector.1.4; OfficeLivePatch.1.3)" "-"
123.20.47.238 - - [20/Jan/2010:08:43:26 +0100] "GET /jelix/design/jform.css HTTP/1.1" 304 - www.helenekling.com "http://www.helenekling.com/index.php/NewsLetter/" "Mozilla/4.0 (compatible; MSIE 8.0; Windows NT 6.0; Trident/4.0; FBSMTWB; GTB6.3; SLCC1; .NET CLR 2.0.50727; InfoPath.2; .NET CLR 3.5.30729; .NET CLR 3.0.30729; OfficeLiveConnector.1.4; OfficeLivePatch.1.3)" "-"
123.20.47.238 - - [20/Jan/2010:08:43:26 +0100] "GET /jelix/jquery/include/jquery.include.js HTTP/1.1" 304 - www.helenekling.com "http://www.helenekling.com/index.php/NewsLetter/" "Mozilla/4.0 (compatible; MSIE 8.0; Windows NT 6.0; Trident/4.0; FBSMTWB; GTB6.3; SLCC1; .NET CLR 2.0.50727; InfoPath.2; .NET CLR 3.5.30729; .NET CLR 3.0.30729; OfficeLiveConnector.1.4; OfficeLivePatch.1.3)" "-"
123.20.47.238 - - [20/Jan/2010:08:43:26 +0100] "GET /jelix/js/jforms_jquery.js HTTP/1.1" 304 - www.helenekling.com "http://www.helenekling.com/index.php/NewsLetter/" "Mozilla/4.0 (compatible; MSIE 8.0; Windows NT 6.0; Trident/4.0; FBSMTWB; GTB6.3; SLCC1; .NET CLR 2.0.50727; InfoPath.2; .NET CLR 3.5.30729; .NET CLR 3.0.30729; OfficeLiveConnector.1.4; OfficeLivePatch.1.3)" "-"
123.20.47.238 - - [20/Jan/2010:08:43:27 +0100] "GET /themes/default/images/background.gif HTTP/1.1" 304 - www.helenekling.com "http://www.helenekling.com/index.php/NewsLetter/" "Mozilla/4.0 (compatible; MSIE 8.0; Windows NT 6.0; Trident/4.0; FBSMTWB; GTB6.3; SLCC1; .NET CLR 2.0.50727; InfoPath.2; .NET CLR 3.5.30729; .NET CLR 3.0.30729; OfficeLiveConnector.1.4; OfficeLivePatch.1.3)" "-"
123.20.47.238 - - [20/Jan/2010:08:43:27 +0100] "GET /themes/default/images/selector_sub.gif HTTP/1.1" 304 - www.helenekling.com "http://www.helenekling.com/index.php/NewsLetter/" "Mozilla/4.0 (compatible; MSIE 8.0; Windows NT 6.0; Trident/4.0; FBSMTWB; GTB6.3; SLCC1; .NET CLR 2.0.50727; InfoPath.2; .NET CLR 3.5.30729; .NET CLR 3.0.30729; OfficeLiveConnector.1.4; OfficeLivePatch.1.3)" "-"
123.20.47.238 - - [20/Jan/2010:08:43:27 +0100] "GET /themes/default/images/header.gif HTTP/1.1" 304 - www.helenekling.com "http://www.helenekling.com/index.php/NewsLetter/" "Mozilla/4.0 (compatible; MSIE 8.0; Windows NT 6.0; Trident/4.0; FBSMTWB; GTB6.3; SLCC1; .NET CLR 2.0.50727; InfoPath.2; .NET CLR 3.5.30729; .NET CLR 3.0.30729; OfficeLiveConnector.1.4; OfficeLivePatch.1.3)" "-"
123.20.47.238 - - [20/Jan/2010:08:43:27 +0100] "GET /themes/default/images/fr_bw.png HTTP/1.1" 304 - www.helenekling.com "http://www.helenekling.com/index.php/NewsLetter/" "Mozilla/4.0 (compatible; MSIE 8.0; Windows NT 6.0; Trident/4.0; FBSMTWB; GTB6.3; SLCC1; .NET CLR 2.0.50727; InfoPath.2; .NET CLR 3.5.30729; .NET CLR 3.0.30729; OfficeLiveConnector.1.4; OfficeLivePatch.1.3)" "-"
123.20.47.238 - - [20/Jan/2010:08:43:27 +0100] "GET /themes/default/images/en_bw.png HTTP/1.1" 304 - www.helenekling.com "http://www.helenekling.com/index.php/NewsLetter/" "Mozilla/4.0 (compatible; MSIE 8.0; Windows NT 6.0; Trident/4.0; FBSMTWB; GTB6.3; SLCC1; .NET CLR 2.0.50727; InfoPath.2; .NET CLR 3.5.30729; .NET CLR 3.0.30729; OfficeLiveConnector.1.4; OfficeLivePatch.1.3)" "-"
123.20.47.238 - - [20/Jan/2010:08:43:27 +0100] "GET /themes/default/images/push_vert.png HTTP/1.1" 304 - www.helenekling.com "http://www.helenekling.com/index.php/NewsLetter/" "Mozilla/4.0 (compatible; MSIE 8.0; Windows NT 6.0; Trident/4.0; FBSMTWB; GTB6.3; SLCC1; .NET CLR 2.0.50727; InfoPath.2; .NET CLR 3.5.30729; .NET CLR 3.0.30729; OfficeLiveConnector.1.4; OfficeLivePatch.1.3)" "-"
123.20.47.238 - - [20/Jan/2010:08:43:27 +0100] "GET /themes/default/images/pushed_vert.png HTTP/1.1" 304 - www.helenekling.com "http://www.helenekling.com/index.php/NewsLetter/" "Mozilla/4.0 (compatible; MSIE 8.0; Windows NT 6.0; Trident/4.0; FBSMTWB; GTB6.3; SLCC1; .NET CLR 2.0.50727; InfoPath.2; .NET CLR 3.5.30729; .NET CLR 3.0.30729; OfficeLiveConnector.1.4; OfficeLivePatch.1.3)" "-"
123.20.47.238 - - [20/Jan/2010:08:43:28 +0100] "GET /index.php/NewsLetter/emails/ HTTP/1.1" 500 366 www.helenekling.com "http://www.helenekling.com/index.php/NewsLetter/" "Mozilla/4.0 (compatible; MSIE 8.0; Windows NT 6.0; Trident/4.0; FBSMTWB; GTB6.3; SLCC1; .NET CLR 2.0.50727; InfoPath.2; .NET CLR 3.5.30729; .NET CLR 3.0.30729; OfficeLiveConnector.1.4; OfficeLivePatch.1.3)" "-"
123.20.47.238 - - [20/Jan/2010:08:43:35 +0100] "GET /index.php/NewsLetter/ HTTP/1.1" 200 6715 www.helenekling.com "http://www.helenekling.com/index.php/NewsLetter/emails/confirm?id=francoise_gosselin%40hotmail.com+" "Mozilla/4.0 (compatible; MSIE 8.0; Windows NT 6.0; Trident/4.0; FBSMTWB; GTB6.3; SLCC1; .NET CLR 2.0.50727; InfoPath.2; .NET CLR 3.5.30729; .NET CLR 3.0.30729; OfficeLiveConnector.1.4; OfficeLivePatch.1.3)" "-"
123.20.47.238 - - [20/Jan/2010:08:43:38 +0100] "GET /index.php/NewsLetter/emails/ HTTP/1.1" 500 394 www.helenekling.com "http://www.helenekling.com/index.php/NewsLetter/" "Mozilla/4.0 (compatible; MSIE 8.0; Windows NT 6.0; Trident/4.0; FBSMTWB; GTB6.3; SLCC1; .NET CLR 2.0.50727; InfoPath.2; .NET CLR 3.5.30729; .NET CLR 3.0.30729; OfficeLiveConnector.1.4; OfficeLivePatch.1.3)" "-"
123.20.47.238 - - [20/Jan/2010:08:43:41 +0100] "GET /index.php/NewsLetter/ HTTP/1.1" 200 6715 www.helenekling.com "http://www.helenekling.com/index.php/NewsLetter/emails/confirm?id=francoise_gosselin%40hotmail.com+" "Mozilla/4.0 (compatible; MSIE 8.0; Windows NT 6.0; Trident/4.0; FBSMTWB; GTB6.3; SLCC1; .NET CLR 2.0.50727; InfoPath.2; .NET CLR 3.5.30729; .NET CLR 3.0.30729; OfficeLiveConnector.1.4; OfficeLivePatch.1.3)" "-"
123.20.47.238 - - [20/Jan/2010:08:43:47 +0100] "GET /index.php/HeleneKling/default/login HTTP/1.1" 200 6784 www.helenekling.com "http://www.helenekling.com/index.php/NewsLetter/" "Mozilla/4.0 (compatible; MSIE 8.0; Windows NT 6.0; Trident/4.0; FBSMTWB; GTB6.3; SLCC1; .NET CLR 2.0.50727; InfoPath.2; .NET CLR 3.5.30729; .NET CLR 3.0.30729; OfficeLiveConnector.1.4; OfficeLivePatch.1.3)" "-"
123.20.47.238 - - [20/Jan/2010:08:43:52 +0100] "POST /index.php/jauth/login/in HTTP/1.1" 302 5 www.helenekling.com "http://www.helenekling.com/index.php/HeleneKling/default/login" "Mozilla/4.0 (compatible; MSIE 8.0; Windows NT 6.0; Trident/4.0; FBSMTWB; GTB6.3; SLCC1; .NET CLR 2.0.50727; InfoPath.2; .NET CLR 3.5.30729; .NET CLR 3.0.30729; OfficeLiveConnector.1.4; OfficeLivePatch.1.3)" "-"
123.20.47.238 - - [20/Jan/2010:08:43:53 +0100] "GET /index.php/HeleneKling/ HTTP/1.1" 302 5 www.helenekling.com "http://www.helenekling.com/index.php/HeleneKling/default/login" "Mozilla/4.0 (compatible; MSIE 8.0; Windows NT 6.0; Trident/4.0; FBSMTWB; GTB6.3; SLCC1; .NET CLR 2.0.50727; InfoPath.2; .NET CLR 3.5.30729; .NET CLR 3.0.30729; OfficeLiveConnector.1.4; OfficeLivePatch.1.3)" "-"
123.20.47.238 - - [20/Jan/2010:08:43:53 +0100] "GET /index.php/HeleneKling/default/viewPage?page=index HTTP/1.1" 200 8484 www.helenekling.com "http://www.helenekling.com/index.php/HeleneKling/default/login" "Mozilla/4.0 (compatible; MSIE 8.0; Windows NT 6.0; Trident/4.0; FBSMTWB; GTB6.3; SLCC1; .NET CLR 2.0.50727; InfoPath.2; .NET CLR 3.5.30729; .NET CLR 3.0.30729; OfficeLiveConnector.1.4; OfficeLivePatch.1.3)" "-"
123.20.47.238 - - [20/Jan/2010:08:43:55 +0100] "GET /index.php/NewsLetter/ HTTP/1.1" 200 6953 www.helenekling.com "http://www.helenekling.com/index.php/HeleneKling/default/viewPage?page=index" "Mozilla/4.0 (compatible; MSIE 8.0; Windows NT 6.0; Trident/4.0; FBSMTWB; GTB6.3; SLCC1; .NET CLR 2.0.50727; InfoPath.2; .NET CLR 3.5.30729; .NET CLR 3.0.30729; OfficeLiveConnector.1.4; OfficeLivePatch.1.3)" "-"
123.20.47.238 - - [20/Jan/2010:08:43:59 +0100] "GET /index.php/NewsLetter/emails/ HTTP/1.1" 200 42554 www.helenekling.com "http://www.helenekling.com/index.php/NewsLetter/" "Mozilla/4.0 (compatible; MSIE 8.0; Windows NT 6.0; Trident/4.0; FBSMTWB; GTB6.3; SLCC1; .NET CLR 2.0.50727; InfoPath.2; .NET CLR 3.5.30729; .NET CLR 3.0.30729; OfficeLiveConnector.1.4; OfficeLivePatch.1.3)" "-"
123.20.47.238 - - [20/Jan/2010:08:44:13 +0100] "GET /index.php/NewsLetter/emails/?offset=800 HTTP/1.1" 200 42701 www.helenekling.com "http://www.helenekling.com/index.php/NewsLetter/emails/" "Mozilla/4.0 (compatible; MSIE 8.0; Windows NT 6.0; Trident/4.0; FBSMTWB; GTB6.3; SLCC1; .NET CLR 2.0.50727; InfoPath.2; .NET CLR 3.5.30729; .NET CLR 3.0.30729; OfficeLiveConnector.1.4; OfficeLivePatch.1.3)" "-"
123.20.47.238 - - [20/Jan/2010:08:44:34 +0100] "GET /index.php/NewsLetter/emails/?offset=600 HTTP/1.1" 200 42916 www.helenekling.com "http://www.helenekling.com/index.php/NewsLetter/emails/?offset=800" "Mozilla/4.0 (compatible; MSIE 8.0; Windows NT 6.0; Trident/4.0; FBSMTWB; GTB6.3; SLCC1; .NET CLR 2.0.50727; InfoPath.2; .NET CLR 3.5.30729; .NET CLR 3.0.30729; OfficeLiveConnector.1.4; OfficeLivePatch.1.3)" "-"
123.20.47.238 - - [20/Jan/2010:08:44:47 +0100] "GET /index.php/NewsLetter/emails/precreate HTTP/1.1" 302 5 www.helenekling.com "http://www.helenekling.com/index.php/NewsLetter/emails/?offset=600" "Mozilla/4.0 (compatible; MSIE 8.0; Windows NT 6.0; Trident/4.0; FBSMTWB; GTB6.3; SLCC1; .NET CLR 2.0.50727; InfoPath.2; .NET CLR 3.5.30729; .NET CLR 3.0.30729; OfficeLiveConnector.1.4; OfficeLivePatch.1.3)" "-"
123.20.47.238 - - [20/Jan/2010:08:44:48 +0100] "GET /index.php/NewsLetter/emails/create HTTP/1.1" 200 7623 www.helenekling.com "http://www.helenekling.com/index.php/NewsLetter/emails/?offset=600" "Mozilla/4.0 (compatible; MSIE 8.0; Windows NT 6.0; Trident/4.0; FBSMTWB; GTB6.3; SLCC1; .NET CLR 2.0.50727; InfoPath.2; .NET CLR 3.5.30729; .NET CLR 3.0.30729; OfficeLiveConnector.1.4; OfficeLivePatch.1.3)" "-"
123.20.47.238 - - [20/Jan/2010:08:44:55 +0100] "POST /index.php/NewsLetter/emails/savecreate HTTP/1.1" 302 5 www.helenekling.com "http://www.helenekling.com/index.php/NewsLetter/emails/create" "Mozilla/4.0 (compatible; MSIE 8.0; Windows NT 6.0; Trident/4.0; FBSMTWB; GTB6.3; SLCC1; .NET CLR 2.0.50727; InfoPath.2; .NET CLR 3.5.30729; .NET CLR 3.0.30729; OfficeLiveConnector.1.4; OfficeLivePatch.1.3)" "-"
123.20.47.238 - - [20/Jan/2010:08:44:56 +0100] "GET /index.php/NewsLetter/emails/confirm?id=igourvest%40yahoo.fr+ HTTP/1.1" 200 6528 www.helenekling.com "http://www.helenekling.com/index.php/NewsLetter/emails/create" "Mozilla/4.0 (compatible; MSIE 8.0; Windows NT 6.0; Trident/4.0; FBSMTWB; GTB6.3; SLCC1; .NET CLR 2.0.50727; InfoPath.2; .NET CLR 3.5.30729; .NET CLR 3.0.30729; OfficeLiveConnector.1.4; OfficeLivePatch.1.3)" "-"
123.20.47.238 - - [20/Jan/2010:08:45:12 +0100] "GET /index.php/NewsLetter/ HTTP/1.1" 200 6953 www.helenekling.com "http://www.helenekling.com/index.php/NewsLetter/emails/confirm?id=igourvest%40yahoo.fr+" "Mozilla/4.0 (compatible; MSIE 8.0; Windows NT 6.0; Trident/4.0; FBSMTWB; GTB6.3; SLCC1; .NET CLR 2.0.50727; InfoPath.2; .NET CLR 3.5.30729; .NET CLR 3.0.30729; OfficeLiveConnector.1.4; OfficeLivePatch.1.3)" "-"
123.20.47.238 - - [20/Jan/2010:08:45:15 +0100] "GET /index.php/NewsLetter/emails/ HTTP/1.1" 200 42554 www.helenekling.com "http://www.helenekling.com/index.php/NewsLetter/" "Mozilla/4.0 (compatible; MSIE 8.0; Windows NT 6.0; Trident/4.0; FBSMTWB; GTB6.3; SLCC1; .NET CLR 2.0.50727; InfoPath.2; .NET CLR 3.5.30729; .NET CLR 3.0.30729; OfficeLiveConnector.1.4; OfficeLivePatch.1.3)" "-"
123.20.47.238 - - [20/Jan/2010:08:45:25 +0100] "GET /index.php/NewsLetter/emails/?offset=600 HTTP/1.1" 200 42904 www.helenekling.com "http://www.helenekling.com/index.php/NewsLetter/emails/" "Mozilla/4.0 (compatible; MSIE 8.0; Windows NT 6.0; Trident/4.0; FBSMTWB; GTB6.3; SLCC1; .NET CLR 2.0.50727; InfoPath.2; .NET CLR 3.5.30729; .NET CLR 3.0.30729; OfficeLiveConnector.1.4; OfficeLivePatch.1.3)" "-"
123.20.47.238 - - [20/Jan/2010:08:46:02 +0100] "GET /index.php/NewsLetter/emails/?offset=1200 HTTP/1.1" 200 43018 www.helenekling.com "http://www.helenekling.com/index.php/NewsLetter/emails/?offset=600" "Mozilla/4.0 (compatible; MSIE 8.0; Windows NT 6.0; Trident/4.0; FBSMTWB; GTB6.3; SLCC1; .NET CLR 2.0.50727; InfoPath.2; .NET CLR 3.5.30729; .NET CLR 3.0.30729; OfficeLiveConnector.1.4; OfficeLivePatch.1.3)" "-"
123.20.47.238 - - [20/Jan/2010:08:46:33 +0100] "GET /index.php/NewsLetter/emails/?offset=1400 HTTP/1.1" 200 42747 www.helenekling.com "http://www.helenekling.com/index.php/NewsLetter/emails/?offset=1200" "Mozilla/4.0 (compatible; MSIE 8.0; Windows NT 6.0; Trident/4.0; FBSMTWB; GTB6.3; SLCC1; .NET CLR 2.0.50727; InfoPath.2; .NET CLR 3.5.30729; .NET CLR 3.0.30729; OfficeLiveConnector.1.4; OfficeLivePatch.1.3)" "-"
123.20.47.238 - - [20/Jan/2010:08:47:06 +0100] "GET /index.php/NewsLetter/emails/?offset=1200 HTTP/1.1" 200 42794 www.helenekling.com "http://www.helenekling.com/index.php/NewsLetter/emails/?offset=1400" "Mozilla/4.0 (compatible; MSIE 8.0; Windows NT 6.0; Trident/4.0; FBSMTWB; GTB6.3; SLCC1; .NET CLR 2.0.50727; InfoPath.2; .NET CLR 3.5.30729; .NET CLR 3.0.30729; OfficeLiveConnector.1.4; OfficeLivePatch.1.3)" "-"
123.20.47.238 - - [20/Jan/2010:08:47:49 +0100] "GET /index.php/NewsLetter/emails/?offset=600 HTTP/1.1" 200 42904 www.helenekling.com "http://www.helenekling.com/index.php/NewsLetter/emails/?offset=1200" "Mozilla/4.0 (compatible; MSIE 8.0; Windows NT 6.0; Trident/4.0; FBSMTWB; GTB6.3; SLCC1; .NET CLR 2.0.50727; InfoPath.2; .NET CLR 3.5.30729; .NET CLR 3.0.30729; OfficeLiveConnector.1.4; OfficeLivePatch.1.3)" "-"
123.20.47.238 - - [20/Jan/2010:08:48:15 +0100] "GET /index.php/NewsLetter/emails/?offset=200 HTTP/1.1" 200 43307 www.helenekling.com "http://www.helenekling.com/index.php/NewsLetter/emails/?offset=600" "Mozilla/4.0 (compatible; MSIE 8.0; Windows NT 6.0; Trident/4.0; FBSMTWB; GTB6.3; SLCC1; .NET CLR 2.0.50727; InfoPath.2; .NET CLR 3.5.30729; .NET CLR 3.0.30729; OfficeLiveConnector.1.4; OfficeLivePatch.1.3)" "-"
123.20.47.238 - - [20/Jan/2010:08:48:39 +0100] "GET /index.php/NewsLetter/emails/?offset=400 HTTP/1.1" 200 43225 www.helenekling.com "http://www.helenekling.com/index.php/NewsLetter/emails/?offset=200" "Mozilla/4.0 (compatible; MSIE 8.0; Windows NT 6.0; Trident/4.0; FBSMTWB; GTB6.3; SLCC1; .NET CLR 2.0.50727; InfoPath.2; .NET CLR 3.5.30729; .NET CLR 3.0.30729; OfficeLiveConnector.1.4; OfficeLivePatch.1.3)" "-"
123.20.47.238 - - [20/Jan/2010:08:49:02 +0100] "GET /index.php/NewsLetter/emails/?offset=600 HTTP/1.1" 200 42548 www.helenekling.com "http://www.helenekling.com/index.php/NewsLetter/emails/?offset=400" "Mozilla/4.0 (compatible; MSIE 8.0; Windows NT 6.0; Trident/4.0; FBSMTWB; GTB6.3; SLCC1; .NET CLR 2.0.50727; InfoPath.2; .NET CLR 3.5.30729; .NET CLR 3.0.30729; OfficeLiveConnector.1.4; OfficeLivePatch.1.3)" "-"
123.20.47.238 - - [20/Jan/2010:08:49:34 +0100] "GET /index.php/NewsLetter/emails/?offset=800 HTTP/1.1" 200 42711 www.helenekling.com "http://www.helenekling.com/index.php/NewsLetter/emails/?offset=600" "Mozilla/4.0 (compatible; MSIE 8.0; Windows NT 6.0; Trident/4.0; FBSMTWB; GTB6.3; SLCC1; .NET CLR 2.0.50727; InfoPath.2; .NET CLR 3.5.30729; .NET CLR 3.0.30729; OfficeLiveConnector.1.4; OfficeLivePatch.1.3)" "-"
123.20.47.238 - - [20/Jan/2010:08:49:57 +0100] "GET /index.php/NewsLetter/emails/?offset=1200 HTTP/1.1" 200 42865 www.helenekling.com "http://www.helenekling.com/index.php/NewsLetter/emails/?offset=800" "Mozilla/4.0 (compatible; MSIE 8.0; Windows NT 6.0; Trident/4.0; FBSMTWB; GTB6.3; SLCC1; .NET CLR 2.0.50727; InfoPath.2; .NET CLR 3.5.30729; .NET CLR 3.0.30729; OfficeLiveConnector.1.4; OfficeLivePatch.1.3)" "-"
123.20.47.238 - - [20/Jan/2010:08:50:24 +0100] "GET /index.php/NewsLetter/emails/?offset=600 HTTP/1.1" 200 42904 www.helenekling.com "http://www.helenekling.com/index.php/NewsLetter/emails/?offset=1200" "Mozilla/4.0 (compatible; MSIE 8.0; Windows NT 6.0; Trident/4.0; FBSMTWB; GTB6.3; SLCC1; .NET CLR 2.0.50727; InfoPath.2; .NET CLR 3.5.30729; .NET CLR 3.0.30729; OfficeLiveConnector.1.4; OfficeLivePatch.1.3)" "-"
123.20.47.238 - - [20/Jan/2010:08:50:52 +0100] "GET /index.php/NewsLetter/emails/?offset=800 HTTP/1.1" 200 42711 www.helenekling.com "http://www.helenekling.com/index.php/NewsLetter/emails/?offset=600" "Mozilla/4.0 (compatible; MSIE 8.0; Windows NT 6.0; Trident/4.0; FBSMTWB; GTB6.3; SLCC1; .NET CLR 2.0.50727; InfoPath.2; .NET CLR 3.5.30729; .NET CLR 3.0.30729; OfficeLiveConnector.1.4; OfficeLivePatch.1.3)" "-"
123.20.47.238 - - [20/Jan/2010:08:51:16 +0100] "GET /index.php/NewsLetter/emails/?offset=1800 HTTP/1.1" 200 32054 www.helenekling.com "http://www.helenekling.com/index.php/NewsLetter/emails/?offset=800" "Mozilla/4.0 (compatible; MSIE 8.0; Windows NT 6.0; Trident/4.0; FBSMTWB; GTB6.3; SLCC1; .NET CLR 2.0.50727; InfoPath.2; .NET CLR 3.5.30729; .NET CLR 3.0.30729; OfficeLiveConnector.1.4; OfficeLivePatch.1.3)" "-"
123.20.47.238 - - [20/Jan/2010:08:51:36 +0100] "GET /index.php/NewsLetter/emails/?offset=200 HTTP/1.1" 200 43279 www.helenekling.com "http://www.helenekling.com/index.php/NewsLetter/emails/?offset=1800" "Mozilla/4.0 (compatible; MSIE 8.0; Windows NT 6.0; Trident/4.0; FBSMTWB; GTB6.3; SLCC1; .NET CLR 2.0.50727; InfoPath.2; .NET CLR 3.5.30729; .NET CLR 3.0.30729; OfficeLiveConnector.1.4; OfficeLivePatch.1.3)" "-"
123.20.47.238 - - [20/Jan/2010:08:51:51 +0100] "GET /index.php/NewsLetter/emails/?offset=600 HTTP/1.1" 200 42904 www.helenekling.com "http://www.helenekling.com/index.php/NewsLetter/emails/?offset=200" "Mozilla/4.0 (compatible; MSIE 8.0; Windows NT 6.0; Trident/4.0; FBSMTWB; GTB6.3; SLCC1; .NET CLR 2.0.50727; InfoPath.2; .NET CLR 3.5.30729; .NET CLR 3.0.30729; OfficeLiveConnector.1.4; OfficeLivePatch.1.3)" "-"
123.20.47.238 - - [20/Jan/2010:08:52:23 +0100] "GET /index.php/NewsLetter/emails/?offset=0 HTTP/1.1" 200 42554 www.helenekling.com "http://www.helenekling.com/index.php/NewsLetter/emails/?offset=600" "Mozilla/4.0 (compatible; MSIE 8.0; Windows NT 6.0; Trident/4.0; FBSMTWB; GTB6.3; SLCC1; .NET CLR 2.0.50727; InfoPath.2; .NET CLR 3.5.30729; .NET CLR 3.0.30729; OfficeLiveConnector.1.4; OfficeLivePatch.1.3)" "-"
123.20.47.238 - - [20/Jan/2010:08:52:40 +0100] "GET /index.php/NewsLetter/emails/?offset=1800 HTTP/1.1" 200 31809 www.helenekling.com "http://www.helenekling.com/index.php/NewsLetter/emails/?offset=0" "Mozilla/4.0 (compatible; MSIE 8.0; Windows NT 6.0; Trident/4.0; FBSMTWB; GTB6.3; SLCC1; .NET CLR 2.0.50727; InfoPath.2; .NET CLR 3.5.30729; .NET CLR 3.0.30729; OfficeLiveConnector.1.4; OfficeLivePatch.1.3)" "-"
123.20.47.238 - - [20/Jan/2010:08:53:04 +0100] "GET /index.php/NewsLetter/emails/precreate HTTP/1.1" 302 5 www.helenekling.com "http://www.helenekling.com/index.php/NewsLetter/emails/?offset=1800" "Mozilla/4.0 (compatible; MSIE 8.0; Windows NT 6.0; Trident/4.0; FBSMTWB; GTB6.3; SLCC1; .NET CLR 2.0.50727; InfoPath.2; .NET CLR 3.5.30729; .NET CLR 3.0.30729; OfficeLiveConnector.1.4; OfficeLivePatch.1.3)" "-"
123.20.47.238 - - [20/Jan/2010:08:53:04 +0100] "GET /index.php/NewsLetter/emails/create HTTP/1.1" 200 7623 www.helenekling.com "http://www.helenekling.com/index.php/NewsLetter/emails/?offset=1800" "Mozilla/4.0 (compatible; MSIE 8.0; Windows NT 6.0; Trident/4.0; FBSMTWB; GTB6.3; SLCC1; .NET CLR 2.0.50727; InfoPath.2; .NET CLR 3.5.30729; .NET CLR 3.0.30729; OfficeLiveConnector.1.4; OfficeLivePatch.1.3)" "-"
123.20.47.238 - - [20/Jan/2010:08:53:10 +0100] "POST /index.php/NewsLetter/emails/savecreate HTTP/1.1" 302 5 www.helenekling.com "http://www.helenekling.com/index.php/NewsLetter/emails/create" "Mozilla/4.0 (compatible; MSIE 8.0; Windows NT 6.0; Trident/4.0; FBSMTWB; GTB6.3; SLCC1; .NET CLR 2.0.50727; InfoPath.2; .NET CLR 3.5.30729; .NET CLR 3.0.30729; OfficeLiveConnector.1.4; OfficeLivePatch.1.3)" "-"
